conftest.c:
#include "config.h"
int main(int argc, char **argv) {

return 0; }
gcc -o conftest conftest.c

conftest.c:
#include "config.h"
int main(int argc, char **argv) {

return 0; }
gcc -O2 -g -D_FORTIFY_SOURCE=2 -fPIE -o conftest conftest.c -pie -Wl,-z,relro,-z,now

conftest.c:
#include "config.h"
int main(int argc, char **argv) {

return 0; }
gcc -O2 -g -D_FORTIFY_SOURCE=2 -fPIE -fstack-protector-strong --param=ssp-buffer-size=4 -o conftest conftest.c -pie -Wl,-z,relro,-z,now

conftest.c:
#include "config.h"
int main(int argc, char **argv) {

return 0; }
gcc -O2 -g -D_FORTIFY_SOURCE=2 -fPIE -fstack-protector-strong --param=ssp-buffer-size=4 -fwrapv -o conftest conftest.c -pie -Wl,-z,relro,-z,now

pkg-config --version
1.8.1

conftest.c:
#include "config.h"
#include <time.h>
int main(int argc, char **argv) {

  char x[sizeof(time_t) > 4 ? 1 : -1] = {0};
  return x[0];
return 0; }
gcc -O2 -g -D_FORTIFY_SOURCE=2 -fPIE -fstack-protector-strong --param=ssp-buffer-size=4 -Wmissing-prototypes -Wall -o conftest conftest.c -pie -Wl,-z,relro,-z,now

conftest.c:
#include "config.h"
#include <math.h>
int main(int argc, char **argv) {
return (int) pow(2.0, log(sqrt((double)argc)));
return 0; }
gcc -O2 -g -D_FORTIFY_SOURCE=2 -fPIE -fstack-protector-strong --param=ssp-buffer-size=4 -Wmissing-prototypes -Wall -o conftest conftest.c -pie -Wl,-z,relro,-z,now
/usr/bin/ld: /tmp/cc5sIgSV.o: in function `main':
/opt/Chrony/chrony-4.8/conftest.c:4:(.text.startup+0x1f): undefined reference to `log'
/usr/bin/ld: /opt/Chrony/chrony-4.8/conftest.c:4:(.text.startup+0x30): undefined reference to `pow'
/usr/bin/ld: /opt/Chrony/chrony-4.8/conftest.c:4:(.text.startup+0x3e): undefined reference to `sqrt'
collect2: error: ld returned 1 exit status

conftest.c:
#include "config.h"
#include <math.h>
int main(int argc, char **argv) {
return (int) pow(2.0, log(sqrt((double)argc)));
return 0; }
gcc -O2 -g -D_FORTIFY_SOURCE=2 -fPIE -fstack-protector-strong --param=ssp-buffer-size=4 -Wmissing-prototypes -Wall -o conftest conftest.c -lm -pie -Wl,-z,relro,-z,now

conftest.c:
#include "config.h"
#include <sys/socket.h>
#include <netinet/in.h>
int main(int argc, char **argv) {

  struct in_pktinfo ipi;
  return sizeof (ipi.ipi_spec_dst.s_addr) + IP_PKTINFO;
return 0; }
gcc -O2 -g -D_FORTIFY_SOURCE=2 -fPIE -fstack-protector-strong --param=ssp-buffer-size=4 -Wmissing-prototypes -Wall -o conftest conftest.c -pie -Wl,-z,relro,-z,now

conftest.c:
#include "config.h"
#include <arpa/inet.h>
#include <sys/socket.h>
#include <netinet/in.h>
int main(int argc, char **argv) {

    struct sockaddr_in6 n;
    char p[100];
    n.sin6_addr = in6addr_any;
    n.sin6_scope_id = 0;
    return !inet_ntop(AF_INET6, &n.sin6_addr.s6_addr, p, sizeof(p));
return 0; }
gcc -O2 -g -D_FORTIFY_SOURCE=2 -fPIE -fstack-protector-strong --param=ssp-buffer-size=4 -Wmissing-prototypes -Wall -o conftest conftest.c -lm -pie -Wl,-z,relro,-z,now

conftest.c:
#include "config.h"
#include <sys/socket.h>
#include <netinet/in.h>
int main(int argc, char **argv) {

    return sizeof (struct in6_pktinfo) + IPV6_PKTINFO;
return 0; }
gcc -O2 -g -D_FORTIFY_SOURCE=2 -fPIE -fstack-protector-strong --param=ssp-buffer-size=4 -Wmissing-prototypes -Wall -o conftest conftest.c -pie -Wl,-z,relro,-z,now
conftest.c: In function ‘main’:
conftest.c:6:20: error: invalid application of ‘sizeof’ to incomplete type ‘struct in6_pktinfo’
    6 |     return sizeof (struct in6_pktinfo) + IPV6_PKTINFO;
      |                    ^~~~~~

conftest.c:
#include "config.h"
#include <sys/socket.h>
#include <netinet/in.h>
int main(int argc, char **argv) {
return sizeof (struct in6_pktinfo) + IPV6_PKTINFO;
return 0; }
gcc -O2 -g -D_FORTIFY_SOURCE=2 -fPIE -fstack-protector-strong --param=ssp-buffer-size=4 -Wmissing-prototypes -Wall -D_GNU_SOURCE -o conftest conftest.c -pie -Wl,-z,relro,-z,now

conftest.c:
#include "config.h"
#include <sys/types.h>
#include <sys/stat.h>
#include <fcntl.h>
int main(int argc, char **argv) {
return open("/dev/null", O_NOFOLLOW);
return 0; }
gcc -O2 -g -D_FORTIFY_SOURCE=2 -fPIE -fstack-protector-strong --param=ssp-buffer-size=4 -Wmissing-prototypes -Wall -o conftest conftest.c -lm -pie -Wl,-z,relro,-z,now

conftest.c:
#include "config.h"
#include <time.h>
int main(int argc, char **argv) {

    struct timespec ts;
    clock_gettime(CLOCK_REALTIME, &ts);
return 0; }
gcc -O2 -g -D_FORTIFY_SOURCE=2 -fPIE -fstack-protector-strong --param=ssp-buffer-size=4 -Wmissing-prototypes -Wall -o conftest conftest.c -pie -Wl,-z,relro,-z,now

conftest.c:
#include "config.h"
#include <sys/types.h>
#include <sys/socket.h>
#include <netdb.h>
int main(int argc, char **argv) {
return getaddrinfo(0, 0, 0, 0);
return 0; }
gcc -O2 -g -D_FORTIFY_SOURCE=2 -fPIE -fstack-protector-strong --param=ssp-buffer-size=4 -Wmissing-prototypes -Wall -o conftest conftest.c -lm -pie -Wl,-z,relro,-z,now

conftest.c:
#include "config.h"
#include <pthread.h>
int main(int argc, char **argv) {

  pthread_t thread;
  return (int)pthread_create(&thread, NULL, (void *)1, NULL);
return 0; }
gcc -O2 -g -D_FORTIFY_SOURCE=2 -fPIE -fstack-protector-strong --param=ssp-buffer-size=4 -Wmissing-prototypes -Wall -pthread -o conftest conftest.c -pie -Wl,-z,relro,-z,now

conftest.c:
#include "config.h"
#include <stdlib.h>
#include <sys/random.h>
int main(int argc, char **argv) {

    char c;
    return getrandom(&c, 1, 0);
return 0; }
gcc -O2 -g -D_FORTIFY_SOURCE=2 -fPIE -fstack-protector-strong --param=ssp-buffer-size=4 -Wmissing-prototypes -Wall -pthread -o conftest conftest.c -pie -Wl,-z,relro,-z,now

conftest.c:
#include "config.h"
#include <sys/socket.h>
int main(int argc, char **argv) {

  struct mmsghdr hdr;
  return !recvmmsg(0, &hdr, 1, MSG_DONTWAIT, 0);
return 0; }
gcc -O2 -g -D_FORTIFY_SOURCE=2 -fPIE -fstack-protector-strong --param=ssp-buffer-size=4 -Wmissing-prototypes -Wall -pthread -o conftest conftest.c -lm -pie -Wl,-z,relro,-z,now

conftest.c:
#include "config.h"
#include <sys/types.h>
#include <sys/socket.h>
#include <linux/net_tstamp.h>
#include <linux/errqueue.h>
#include <linux/ptp_clock.h>
int main(int argc, char **argv) {

    int val = SOF_TIMESTAMPING_SOFTWARE | SOF_TIMESTAMPING_RX_SOFTWARE |
              SOF_TIMESTAMPING_RAW_HARDWARE | SOF_TIMESTAMPING_OPT_CMSG;
    return sizeof (struct scm_timestamping) + SCM_TSTAMP_SND + PTP_SYS_OFFSET +
           setsockopt(0, SOL_SOCKET, SO_SELECT_ERR_QUEUE + SO_TIMESTAMPING,
                      &val, sizeof (val));
return 0; }
gcc -O2 -g -D_FORTIFY_SOURCE=2 -fPIE -fstack-protector-strong --param=ssp-buffer-size=4 -Wmissing-prototypes -Wall -pthread -o conftest conftest.c -pie -Wl,-z,relro,-z,now

conftest.c:
#include "config.h"
#include <sys/types.h>
#include <sys/socket.h>
#include <linux/net_tstamp.h>
int main(int argc, char **argv) {

    struct scm_ts_pktinfo pktinfo;
    pktinfo.if_index = pktinfo.pkt_length = 0;
    return pktinfo.if_index + pktinfo.pkt_length + HWTSTAMP_FILTER_NTP_ALL +
           SCM_TIMESTAMPING_PKTINFO +
           SOF_TIMESTAMPING_OPT_PKTINFO + SOF_TIMESTAMPING_OPT_TX_SWHW;
return 0; }
gcc -O2 -g -D_FORTIFY_SOURCE=2 -fPIE -fstack-protector-strong --param=ssp-buffer-size=4 -Wmissing-prototypes -Wall -pthread -o conftest conftest.c -pie -Wl,-z,relro,-z,now

conftest.c:
#include "config.h"
#include <inttypes.h>
#include <time.h>
#include <sys/timepps.h>
int main(int argc, char **argv) {

return 0; }
gcc -O2 -g -D_FORTIFY_SOURCE=2 -fPIE -fstack-protector-strong --param=ssp-buffer-size=4 -Wmissing-prototypes -Wall -pthread -o conftest conftest.c -pie -Wl,-z,relro,-z,now
conftest.c:4:10: fatal error: sys/timepps.h: No such file or directory
    4 | #include <sys/timepps.h>
      |          ^~~~~~~~~~~~~~~
compilation terminated.

conftest.c:
#include "config.h"
#include <inttypes.h>
#include <time.h>
#include <timepps.h>
int main(int argc, char **argv) {

return 0; }
gcc -O2 -g -D_FORTIFY_SOURCE=2 -fPIE -fstack-protector-strong --param=ssp-buffer-size=4 -Wmissing-prototypes -Wall -pthread -o conftest conftest.c -pie -Wl,-z,relro,-z,now
conftest.c:4:10: fatal error: timepps.h: No such file or directory
    4 | #include <timepps.h>
      |          ^~~~~~~~~~~
compilation terminated.

conftest.c:
#include "config.h"
#include <sys/types.h>
#include <pwd.h>
#include <sys/prctl.h>
#include <sys/capability.h>
#include <grp.h>
int main(int argc, char **argv) {
prctl(PR_SET_KEEPCAPS, 1);cap_set_proc(cap_from_text("cap_sys_time=ep"));
return 0; }
gcc -O2 -g -D_FORTIFY_SOURCE=2 -fPIE -fstack-protector-strong --param=ssp-buffer-size=4 -Wmissing-prototypes -Wall -pthread -o conftest conftest.c -lcap -pie -Wl,-z,relro,-z,now

conftest.c:
#include "config.h"
#include <sys/ioctl.h>
#include <linux/rtc.h>
int main(int argc, char **argv) {
ioctl(1, RTC_UIE_ON&RTC_UIE_OFF&RTC_RD_TIME&RTC_SET_TIME, 0&RTC_UF);
return 0; }
gcc -O2 -g -D_FORTIFY_SOURCE=2 -fPIE -fstack-protector-strong --param=ssp-buffer-size=4 -Wmissing-prototypes -Wall -pthread -o conftest conftest.c -pie -Wl,-z,relro,-z,now

conftest.c:
#include "config.h"
#include <sys/ioctl.h>
#include <linux/ptp_clock.h>
int main(int argc, char **argv) {
ioctl(1, PTP_CLOCK_GETCAPS + PTP_SYS_OFFSET, 0);
return 0; }
gcc -O2 -g -D_FORTIFY_SOURCE=2 -fPIE -fstack-protector-strong --param=ssp-buffer-size=4 -Wmissing-prototypes -Wall -pthread -o conftest conftest.c -pie -Wl,-z,relro,-z,now

conftest.c:
#include "config.h"
#include <pthread.h>
#include <sched.h>
int main(int argc, char **argv) {

     struct sched_param sched;
     sched_get_priority_max(SCHED_FIFO);
     pthread_setschedparam(pthread_self(), SCHED_FIFO, &sched);
return 0; }
gcc -O2 -g -D_FORTIFY_SOURCE=2 -fPIE -fstack-protector-strong --param=ssp-buffer-size=4 -Wmissing-prototypes -Wall -pthread -pthread -o conftest conftest.c -pie -Wl,-z,relro,-z,now

conftest.c:
#include "config.h"
#include <sys/mman.h>
int main(int argc, char **argv) {

     mlockall(MCL_CURRENT|MCL_FUTURE);
return 0; }
gcc -O2 -g -D_FORTIFY_SOURCE=2 -fPIE -fstack-protector-strong --param=ssp-buffer-size=4 -Wmissing-prototypes -Wall -pthread -o conftest conftest.c -pie -Wl,-z,relro,-z,now

conftest.c:
#include "config.h"
#include <sys/resource.h>
int main(int argc, char **argv) {

     struct rlimit rlim;
     rlim.rlim_max = rlim.rlim_cur = RLIM_INFINITY;
     setrlimit(RLIMIT_MEMLOCK, &rlim);
return 0; }
gcc -O2 -g -D_FORTIFY_SOURCE=2 -fPIE -fstack-protector-strong --param=ssp-buffer-size=4 -Wmissing-prototypes -Wall -pthread -o conftest conftest.c -pie -Wl,-z,relro,-z,now

conftest.c:
#include "config.h"
#include <stdio.h>
#include <editline/readline.h>
int main(int argc, char **argv) {
add_history(readline("prompt"));
return 0; }
gcc -O2 -g -D_FORTIFY_SOURCE=2 -fPIE -fstack-protector-strong --param=ssp-buffer-size=4 -Wmissing-prototypes -Wall -pthread -o conftest conftest.c -ledit -pie -Wl,-z,relro,-z,now
conftest.c:3:10: fatal error: editline/readline.h: No such file or directory
    3 | #include <editline/readline.h>
      |          ^~~~~~~~~~~~~~~~~~~~~
compilation terminated.

conftest.c:
#include "config.h"
#include <nettle/nettle-meta.h>
#include <nettle/sha2.h>
int main(int argc, char **argv) {
return nettle_hashes[0]->context_size;
return 0; }
gcc -O2 -g -D_FORTIFY_SOURCE=2 -fPIE -fstack-protector-strong --param=ssp-buffer-size=4 -Wmissing-prototypes -Wall -pthread -o conftest conftest.c -lnettle -pie -Wl,-z,relro,-z,now

conftest.c:
#include "config.h"
#include <nettle/cmac.h>
int main(int argc, char **argv) {
cmac128_update((void *)1, (void *)2, (void *)3, 1, (void *)4);
return 0; }
gcc -O2 -g -D_FORTIFY_SOURCE=2 -fPIE -fstack-protector-strong --param=ssp-buffer-size=4 -Wmissing-prototypes -Wall -pthread -o conftest conftest.c -lnettle -pie -Wl,-z,relro,-z,now

conftest.c:
#include "config.h"
#include <nettle/memops.h>
int main(int argc, char **argv) {
return nettle_memeql_sec("", "", 0);
return 0; }
gcc -O2 -g -D_FORTIFY_SOURCE=2 -fPIE -fstack-protector-strong --param=ssp-buffer-size=4 -Wmissing-prototypes -Wall -pthread -o conftest conftest.c -lnettle -pie -Wl,-z,relro,-z,now

conftest.c:
#include "config.h"
#include <gnutls/gnutls.h>
int main(int argc, char **argv) {

      return gnutls_init((void *)1, 0) + GNUTLS_TLS1_3 +
        gnutls_priority_init2((void *)1, "", NULL, GNUTLS_PRIORITY_INIT_DEF_APPEND) +
        gnutls_prf_rfc5705((void *)1, 0, "", 0, "", 16, (void *)2);
return 0; }
gcc -O2 -g -D_FORTIFY_SOURCE=2 -fPIE -fstack-protector-strong --param=ssp-buffer-size=4 -Wmissing-prototypes -Wall -pthread -I/usr/include/p11-kit-1 -o conftest conftest.c -lgnutls -lm -lnettle -pie -Wl,-z,relro,-z,now

conftest.c:
#include "config.h"
#include <nettle/siv-cmac.h>
int main(int argc, char **argv) {
siv_cmac_aes128_set_key((void *)1, (void *)2);
return 0; }
gcc -O2 -g -D_FORTIFY_SOURCE=2 -fPIE -fstack-protector-strong --param=ssp-buffer-size=4 -Wmissing-prototypes -Wall -pthread -o conftest conftest.c -lm -lnettle -pie -Wl,-z,relro,-z,now

conftest.c:
#include "config.h"
#include <nettle/siv-gcm.h>
int main(int argc, char **argv) {
siv_gcm_aes128_encrypt_message((void *)1, 0, NULL, 0, (void *)2, 16, (void *)3,
                                        (void *)4);
return 0; }
gcc -O2 -g -D_FORTIFY_SOURCE=2 -fPIE -fstack-protector-strong --param=ssp-buffer-size=4 -Wmissing-prototypes -Wall -pthread -o conftest conftest.c -lm -lnettle -pie -Wl,-z,relro,-z,now

