yoshida@esd:~/Work/chrony-4.8$ bash -ux ./myConfigureMake.sh
+ PREFIX=/opt/Chrony
+ echo ==============================================
==============================================
+ date
Mon Dec  1 00:34:21 JST 2025
+ sudo ./configure --prefix=/opt/Chrony --with-pidfile=/opt/Chrony/var/run/chronyd.pid --sysconfdir=/opt/Chrony/etc --datarootdir=/opt/Chrony/share --localstatedir=/opt/Chrony/var --chronyrundir=/opt/Chrony/var/run --chronyvardir=/opt/Chrony/var/lib --disable-ipv6 --enable-debug
Configuring for  Linux-x86_64
Checking for gcc : Yes
Checking for hardening compiler options : Yes
Checking for -fstack-protector-strong : Yes
Checking for -fwrapv : Yes
Checking for pkg-config : Yes
Checking for 64-bit time_t : Yes
NTP time mapped to 1975-12-13T15:34:21Z/2112-01-19T22:02:37Z
Checking for math : No
Checking for math in -lm : Yes
Checking for struct in_pktinfo : Yes
Checking for O_NOFOLLOW flag : Yes
Checking for clock_gettime() : Yes
Checking for getaddrinfo() : Yes
Checking for pthread : Yes
Checking for getrandom() : Yes
Checking for recvmmsg() : No
Checking for recvmmsg() with _GNU_SOURCE : Yes
Checking for SW/HW timestamping : Yes
Checking for other timestamping options : Yes
Checking for <sys/timepps.h> : No
Checking for <timepps.h> : No
Checking for libcap : No
Checking for <linux/rtc.h> : Yes
Checking for <linux/ptp_clock.h> : Yes
Checking for pthread_setschedparam() : Yes
Checking for mlockall() : Yes
Checking for setrlimit(RLIMIT_MEMLOCK, ...) : Yes
Checking for editline : No
Checking for nettle : Yes
Checking for CMAC in nettle : Yes
Checking for nettle_memeql_sec() : Yes
Checking for TLS1.3 in gnutls : Yes
Checking for AES-SIV-CMAC in nettle : Yes
Checking for AES-GCM-SIV in nettle : Yes
Features : +CMDMON +REFCLOCK +RTC -PRIVDROP -SCFILTER -SIGND +NTS -READLINE +SECHASH -IPV6 +DEBUG
Creating Makefile
Creating doc/Makefile
Creating test/unit/Makefile
+ echo ==============================================
==============================================
+ date
Mon Dec  1 00:34:22 JST 2025
+ make
gcc -O2 -g -D_FORTIFY_SOURCE=2 -fPIE -fstack-protector-strong --param=ssp-buffer-size=4 -Wmissing-prototypes -Wall -pthread -I/usr/include/p11-kit-1  -c addrfilt.c
gcc -O2 -g -D_FORTIFY_SOURCE=2 -fPIE -fstack-protector-strong --param=ssp-buffer-size=4 -Wmissing-prototypes -Wall -pthread -I/usr/include/p11-kit-1  -c array.c
gcc -O2 -g -D_FORTIFY_SOURCE=2 -fPIE -fstack-protector-strong --param=ssp-buffer-size=4 -Wmissing-prototypes -Wall -pthread -I/usr/include/p11-kit-1  -c clientlog.c
gcc -O2 -g -D_FORTIFY_SOURCE=2 -fPIE -fstack-protector-strong --param=ssp-buffer-size=4 -Wmissing-prototypes -Wall -pthread -I/usr/include/p11-kit-1  -c cmdparse.c
gcc -O2 -g -D_FORTIFY_SOURCE=2 -fPIE -fstack-protector-strong --param=ssp-buffer-size=4 -Wmissing-prototypes -Wall -pthread -I/usr/include/p11-kit-1  -c conf.c
gcc -O2 -g -D_FORTIFY_SOURCE=2 -fPIE -fstack-protector-strong --param=ssp-buffer-size=4 -Wmissing-prototypes -Wall -pthread -I/usr/include/p11-kit-1  -c keys.c
gcc -O2 -g -D_FORTIFY_SOURCE=2 -fPIE -fstack-protector-strong --param=ssp-buffer-size=4 -Wmissing-prototypes -Wall -pthread -I/usr/include/p11-kit-1  -c leapdb.c
gcc -O2 -g -D_FORTIFY_SOURCE=2 -fPIE -fstack-protector-strong --param=ssp-buffer-size=4 -Wmissing-prototypes -Wall -pthread -I/usr/include/p11-kit-1  -c local.c
gcc -O2 -g -D_FORTIFY_SOURCE=2 -fPIE -fstack-protector-strong --param=ssp-buffer-size=4 -Wmissing-prototypes -Wall -pthread -I/usr/include/p11-kit-1  -c logging.c
gcc -O2 -g -D_FORTIFY_SOURCE=2 -fPIE -fstack-protector-strong --param=ssp-buffer-size=4 -Wmissing-prototypes -Wall -pthread -I/usr/include/p11-kit-1  -c main.c
gcc -O2 -g -D_FORTIFY_SOURCE=2 -fPIE -fstack-protector-strong --param=ssp-buffer-size=4 -Wmissing-prototypes -Wall -pthread -I/usr/include/p11-kit-1  -c memory.c
gcc -O2 -g -D_FORTIFY_SOURCE=2 -fPIE -fstack-protector-strong --param=ssp-buffer-size=4 -Wmissing-prototypes -Wall -pthread -I/usr/include/p11-kit-1  -c nameserv.c
gcc -O2 -g -D_FORTIFY_SOURCE=2 -fPIE -fstack-protector-strong --param=ssp-buffer-size=4 -Wmissing-prototypes -Wall -pthread -I/usr/include/p11-kit-1  -c nameserv_async.c
gcc -O2 -g -D_FORTIFY_SOURCE=2 -fPIE -fstack-protector-strong --param=ssp-buffer-size=4 -Wmissing-prototypes -Wall -pthread -I/usr/include/p11-kit-1  -c ntp_auth.c
gcc -O2 -g -D_FORTIFY_SOURCE=2 -fPIE -fstack-protector-strong --param=ssp-buffer-size=4 -Wmissing-prototypes -Wall -pthread -I/usr/include/p11-kit-1  -c ntp_core.c
gcc -O2 -g -D_FORTIFY_SOURCE=2 -fPIE -fstack-protector-strong --param=ssp-buffer-size=4 -Wmissing-prototypes -Wall -pthread -I/usr/include/p11-kit-1  -c ntp_ext.c
gcc -O2 -g -D_FORTIFY_SOURCE=2 -fPIE -fstack-protector-strong --param=ssp-buffer-size=4 -Wmissing-prototypes -Wall -pthread -I/usr/include/p11-kit-1  -c ntp_io.c
gcc -O2 -g -D_FORTIFY_SOURCE=2 -fPIE -fstack-protector-strong --param=ssp-buffer-size=4 -Wmissing-prototypes -Wall -pthread -I/usr/include/p11-kit-1  -c ntp_sources.c
gcc -O2 -g -D_FORTIFY_SOURCE=2 -fPIE -fstack-protector-strong --param=ssp-buffer-size=4 -Wmissing-prototypes -Wall -pthread -I/usr/include/p11-kit-1  -c quantiles.c
gcc -O2 -g -D_FORTIFY_SOURCE=2 -fPIE -fstack-protector-strong --param=ssp-buffer-size=4 -Wmissing-prototypes -Wall -pthread -I/usr/include/p11-kit-1  -c reference.c
gcc -O2 -g -D_FORTIFY_SOURCE=2 -fPIE -fstack-protector-strong --param=ssp-buffer-size=4 -Wmissing-prototypes -Wall -pthread -I/usr/include/p11-kit-1  -c regress.c
gcc -O2 -g -D_FORTIFY_SOURCE=2 -fPIE -fstack-protector-strong --param=ssp-buffer-size=4 -Wmissing-prototypes -Wall -pthread -I/usr/include/p11-kit-1  -c rtc.c
gcc -O2 -g -D_FORTIFY_SOURCE=2 -fPIE -fstack-protector-strong --param=ssp-buffer-size=4 -Wmissing-prototypes -Wall -pthread -I/usr/include/p11-kit-1  -c samplefilt.c
gcc -O2 -g -D_FORTIFY_SOURCE=2 -fPIE -fstack-protector-strong --param=ssp-buffer-size=4 -Wmissing-prototypes -Wall -pthread -I/usr/include/p11-kit-1  -c sched.c
gcc -O2 -g -D_FORTIFY_SOURCE=2 -fPIE -fstack-protector-strong --param=ssp-buffer-size=4 -Wmissing-prototypes -Wall -pthread -I/usr/include/p11-kit-1  -c socket.c
gcc -O2 -g -D_FORTIFY_SOURCE=2 -fPIE -fstack-protector-strong --param=ssp-buffer-size=4 -Wmissing-prototypes -Wall -pthread -I/usr/include/p11-kit-1  -c sources.c
gcc -O2 -g -D_FORTIFY_SOURCE=2 -fPIE -fstack-protector-strong --param=ssp-buffer-size=4 -Wmissing-prototypes -Wall -pthread -I/usr/include/p11-kit-1  -c sourcestats.c
gcc -O2 -g -D_FORTIFY_SOURCE=2 -fPIE -fstack-protector-strong --param=ssp-buffer-size=4 -Wmissing-prototypes -Wall -pthread -I/usr/include/p11-kit-1  -c stubs.c
gcc -O2 -g -D_FORTIFY_SOURCE=2 -fPIE -fstack-protector-strong --param=ssp-buffer-size=4 -Wmissing-prototypes -Wall -pthread -I/usr/include/p11-kit-1  -c smooth.c
gcc -O2 -g -D_FORTIFY_SOURCE=2 -fPIE -fstack-protector-strong --param=ssp-buffer-size=4 -Wmissing-prototypes -Wall -pthread -I/usr/include/p11-kit-1  -c sys.c
gcc -O2 -g -D_FORTIFY_SOURCE=2 -fPIE -fstack-protector-strong --param=ssp-buffer-size=4 -Wmissing-prototypes -Wall -pthread -I/usr/include/p11-kit-1  -c sys_null.c
gcc -O2 -g -D_FORTIFY_SOURCE=2 -fPIE -fstack-protector-strong --param=ssp-buffer-size=4 -Wmissing-prototypes -Wall -pthread -I/usr/include/p11-kit-1  -c tempcomp.c
gcc -O2 -g -D_FORTIFY_SOURCE=2 -fPIE -fstack-protector-strong --param=ssp-buffer-size=4 -Wmissing-prototypes -Wall -pthread -I/usr/include/p11-kit-1  -c util.c
gcc -O2 -g -D_FORTIFY_SOURCE=2 -fPIE -fstack-protector-strong --param=ssp-buffer-size=4 -Wmissing-prototypes -Wall -pthread -I/usr/include/p11-kit-1  -c sys_generic.c
gcc -O2 -g -D_FORTIFY_SOURCE=2 -fPIE -fstack-protector-strong --param=ssp-buffer-size=4 -Wmissing-prototypes -Wall -pthread -I/usr/include/p11-kit-1  -c sys_linux.c
gcc -O2 -g -D_FORTIFY_SOURCE=2 -fPIE -fstack-protector-strong --param=ssp-buffer-size=4 -Wmissing-prototypes -Wall -pthread -I/usr/include/p11-kit-1  -c sys_timex.c
gcc -O2 -g -D_FORTIFY_SOURCE=2 -fPIE -fstack-protector-strong --param=ssp-buffer-size=4 -Wmissing-prototypes -Wall -pthread -I/usr/include/p11-kit-1  -c sys_posix.c
gcc -O2 -g -D_FORTIFY_SOURCE=2 -fPIE -fstack-protector-strong --param=ssp-buffer-size=4 -Wmissing-prototypes -Wall -pthread -I/usr/include/p11-kit-1  -c cmdmon.c
gcc -O2 -g -D_FORTIFY_SOURCE=2 -fPIE -fstack-protector-strong --param=ssp-buffer-size=4 -Wmissing-prototypes -Wall -pthread -I/usr/include/p11-kit-1  -c manual.c
gcc -O2 -g -D_FORTIFY_SOURCE=2 -fPIE -fstack-protector-strong --param=ssp-buffer-size=4 -Wmissing-prototypes -Wall -pthread -I/usr/include/p11-kit-1  -c pktlength.c
gcc -O2 -g -D_FORTIFY_SOURCE=2 -fPIE -fstack-protector-strong --param=ssp-buffer-size=4 -Wmissing-prototypes -Wall -pthread -I/usr/include/p11-kit-1  -c refclock.c
gcc -O2 -g -D_FORTIFY_SOURCE=2 -fPIE -fstack-protector-strong --param=ssp-buffer-size=4 -Wmissing-prototypes -Wall -pthread -I/usr/include/p11-kit-1  -c refclock_phc.c
gcc -O2 -g -D_FORTIFY_SOURCE=2 -fPIE -fstack-protector-strong --param=ssp-buffer-size=4 -Wmissing-prototypes -Wall -pthread -I/usr/include/p11-kit-1  -c refclock_pps.c
gcc -O2 -g -D_FORTIFY_SOURCE=2 -fPIE -fstack-protector-strong --param=ssp-buffer-size=4 -Wmissing-prototypes -Wall -pthread -I/usr/include/p11-kit-1  -c refclock_rtc.c
gcc -O2 -g -D_FORTIFY_SOURCE=2 -fPIE -fstack-protector-strong --param=ssp-buffer-size=4 -Wmissing-prototypes -Wall -pthread -I/usr/include/p11-kit-1  -c refclock_shm.c
gcc -O2 -g -D_FORTIFY_SOURCE=2 -fPIE -fstack-protector-strong --param=ssp-buffer-size=4 -Wmissing-prototypes -Wall -pthread -I/usr/include/p11-kit-1  -c refclock_sock.c
gcc -O2 -g -D_FORTIFY_SOURCE=2 -fPIE -fstack-protector-strong --param=ssp-buffer-size=4 -Wmissing-prototypes -Wall -pthread -I/usr/include/p11-kit-1  -c hwclock.c
gcc -O2 -g -D_FORTIFY_SOURCE=2 -fPIE -fstack-protector-strong --param=ssp-buffer-size=4 -Wmissing-prototypes -Wall -pthread -I/usr/include/p11-kit-1  -c ntp_io_linux.c
gcc -O2 -g -D_FORTIFY_SOURCE=2 -fPIE -fstack-protector-strong --param=ssp-buffer-size=4 -Wmissing-prototypes -Wall -pthread -I/usr/include/p11-kit-1  -c rtc_linux.c
gcc -O2 -g -D_FORTIFY_SOURCE=2 -fPIE -fstack-protector-strong --param=ssp-buffer-size=4 -Wmissing-prototypes -Wall -pthread -I/usr/include/p11-kit-1  -c cmac_nettle.c
gcc -O2 -g -D_FORTIFY_SOURCE=2 -fPIE -fstack-protector-strong --param=ssp-buffer-size=4 -Wmissing-prototypes -Wall -pthread -I/usr/include/p11-kit-1  -c hash_nettle.c
gcc -O2 -g -D_FORTIFY_SOURCE=2 -fPIE -fstack-protector-strong --param=ssp-buffer-size=4 -Wmissing-prototypes -Wall -pthread -I/usr/include/p11-kit-1  -c siv_nettle.c
gcc -O2 -g -D_FORTIFY_SOURCE=2 -fPIE -fstack-protector-strong --param=ssp-buffer-size=4 -Wmissing-prototypes -Wall -pthread -I/usr/include/p11-kit-1  -c nts_ke_client.c
gcc -O2 -g -D_FORTIFY_SOURCE=2 -fPIE -fstack-protector-strong --param=ssp-buffer-size=4 -Wmissing-prototypes -Wall -pthread -I/usr/include/p11-kit-1  -c nts_ke_server.c
gcc -O2 -g -D_FORTIFY_SOURCE=2 -fPIE -fstack-protector-strong --param=ssp-buffer-size=4 -Wmissing-prototypes -Wall -pthread -I/usr/include/p11-kit-1  -c nts_ke_session.c
gcc -O2 -g -D_FORTIFY_SOURCE=2 -fPIE -fstack-protector-strong --param=ssp-buffer-size=4 -Wmissing-prototypes -Wall -pthread -I/usr/include/p11-kit-1  -c tls_gnutls.c
gcc -O2 -g -D_FORTIFY_SOURCE=2 -fPIE -fstack-protector-strong --param=ssp-buffer-size=4 -Wmissing-prototypes -Wall -pthread -I/usr/include/p11-kit-1  -c nts_ntp_auth.c
gcc -O2 -g -D_FORTIFY_SOURCE=2 -fPIE -fstack-protector-strong --param=ssp-buffer-size=4 -Wmissing-prototypes -Wall -pthread -I/usr/include/p11-kit-1  -c nts_ntp_client.c
gcc -O2 -g -D_FORTIFY_SOURCE=2 -fPIE -fstack-protector-strong --param=ssp-buffer-size=4 -Wmissing-prototypes -Wall -pthread -I/usr/include/p11-kit-1  -c nts_ntp_server.c
gcc -O2 -g -D_FORTIFY_SOURCE=2 -fPIE -fstack-protector-strong --param=ssp-buffer-size=4 -Wmissing-prototypes -Wall -pthread -o chronyd addrfilt.o array.o clientlog.o cmdparse.o conf.o keys.o leapdb.o local.o logging.o main.o memory.o nameserv.o nameserv_async.o ntp_auth.o ntp_core.o ntp_ext.o ntp_io.o ntp_sources.o quantiles.o reference.o regress.o rtc.o samplefilt.o sched.o socket.o sources.o sourcestats.o stubs.o smooth.o sys.o sys_null.o tempcomp.o util.o sys_generic.o sys_linux.o sys_timex.o sys_posix.o cmdmon.o manual.o pktlength.o refclock.o refclock_phc.o refclock_pps.o     refclock_rtc.o refclock_shm.o refclock_sock.o hwclock.o ntp_io_linux.o rtc_linux.o cmac_nettle.o hash_nettle.o siv_nettle.o nts_ke_client.o nts_ke_server.o nts_ke_session.o tls_gnutls.o nts_ntp_auth.o nts_ntp_client.o nts_ntp_server.o -pie -Wl,-z,relro,-z,now -lm -lnettle  -lgnutls  
gcc -O2 -g -D_FORTIFY_SOURCE=2 -fPIE -fstack-protector-strong --param=ssp-buffer-size=4 -Wmissing-prototypes -Wall -pthread -I/usr/include/p11-kit-1  -c client.c
gcc -O2 -g -D_FORTIFY_SOURCE=2 -fPIE -fstack-protector-strong --param=ssp-buffer-size=4 -Wmissing-prototypes -Wall -pthread -fwrapv -I/usr/include/p11-kit-1  -c getdate.c
gcc -O2 -g -D_FORTIFY_SOURCE=2 -fPIE -fstack-protector-strong --param=ssp-buffer-size=4 -Wmissing-prototypes -Wall -pthread -o chronyc array.o client.o cmdparse.o getdate.o memory.o nameserv.o pktlength.o socket.o util.o cmac_nettle.o hash_nettle.o -pie -Wl,-z,relro,-z,now -lm -lnettle  -lgnutls  
+ echo ==============================================
==============================================
+ date
Mon Dec  1 00:34:31 JST 2025
+ make docs
make -C doc docs
make[1]: Entering directory '/home/yoshida/Work/chrony-4.8/doc'
make[1]: Nothing to be done for 'docs'.
make[1]: Leaving directory '/home/yoshida/Work/chrony-4.8/doc'
+ echo ==============================================
==============================================
+ date
Mon Dec  1 00:34:31 JST 2025
+ sudo make install
[ -d /opt/Chrony/etc ] || mkdir -p /opt/Chrony/etc
[ -d /opt/Chrony/sbin ] || mkdir -p /opt/Chrony/sbin
[ -d /opt/Chrony/bin ] || mkdir -p /opt/Chrony/bin
[ -d /opt/Chrony/var/lib ] || mkdir -p /opt/Chrony/var/lib
if [ -f /opt/Chrony/sbin/chronyd ]; then rm -f /opt/Chrony/sbin/chronyd ; fi
if [ -f /opt/Chrony/bin/chronyc ]; then rm -f /opt/Chrony/bin/chronyc ; fi
cp chronyd /opt/Chrony/sbin/chronyd
chmod 755 /opt/Chrony/sbin/chronyd
cp chronyc /opt/Chrony/bin/chronyc
chmod 755 /opt/Chrony/bin/chronyc
make -C doc install
make[1]: Entering directory '/home/yoshida/Work/chrony-4.8/doc'
[ -d /opt/Chrony/share/man/man1 ] || mkdir -p /opt/Chrony/share/man/man1
[ -d /opt/Chrony/share/man/man5 ] || mkdir -p /opt/Chrony/share/man/man5
[ -d /opt/Chrony/share/man/man8 ] || mkdir -p /opt/Chrony/share/man/man8
cp chronyc.man /opt/Chrony/share/man/man1/chronyc.1
chmod 644 /opt/Chrony/share/man/man1/chronyc.1
cp chronyd.man /opt/Chrony/share/man/man8/chronyd.8
chmod 644 /opt/Chrony/share/man/man8/chronyd.8
cp chrony.conf.man /opt/Chrony/share/man/man5/chrony.conf.5
chmod 644 /opt/Chrony/share/man/man5/chrony.conf.5
make[1]: Leaving directory '/home/yoshida/Work/chrony-4.8/doc'
+ echo ==============================================
==============================================
+ date
Mon Dec  1 00:34:31 JST 2025
+ exit 0
yoshida@esd:~/Work/chrony-4.8$ 